// Jest Snapshot v1, https://goo.gl/fbAQLP

exports[`PasswordInput renders 1`] = `
<div>
  <TextInput
    className=""
    dark={false}
    disabled={false}
    errorMessage=""
    handleVisibilityStatus={[Function]}
    id="password"
    inputDidChange={false}
    isValid={true}
    label=""
    name=""
    onBlur={null}
    onChange={[Function]}
    onChangePasswordVisibilityStatus={[Function]}
    onKeyDown={[Function]}
    placeholder=""
    shouldShowVisibility={false}
    showPasswordStrength={false}
    size={8}
    type="password"
    value=""
  />
</div>
`;
